todo:
  vacuum:
    priority: high
  laundry:
    priority: low
  dishes:
    priority: low
